C51 COMPILER V9.60.7.0   MAIN                                                              09/13/2023 21:01:40 PAGE 1   


C51 COMPILER V9.60.7.0, COMPILATION OF MODULE MAIN
OBJECT MODULE PLACED IN .\Objects\main.obj
COMPILER INVOKED BY: C:\Keil_v5\C51\BIN\C51.EXE main.c OPTIMIZE(8,SPEED) BROWSE DEBUG OBJECTEXTEND PRINT(.\Listings\main
                    -.lst) TABS(2) OBJECT(.\Objects\main.obj)

line level    source

   1          #include <STC89C5xRC.H>
   2          #include <Timer0.h>
   3          
   4          unsigned char Counter,Compare,T;
   5          sbit LED = P2^0;
   6          
   7          void main()
   8          {
   9   1        Compare=1;
  10   1        T=1;
  11   1        Timer0_Init();
  12   1        while(1)
  13   1        {
  14   2          
  15   2        }
  16   1      }
  17          
  18          
  19          void Timer0_Routine() interrupt 1
  20          {
  21   1          TL0 = 0xA4;   
  22   1          TH0 = 0xFF;   
  23   1          Counter++;
  24   1          if(Counter>=100){
  25   2            Counter = 0;
  26   2            if(T%2==1)
  27   2              Compare++;
  28   2            else
  29   2              Compare--;
  30   2            if(Compare==100||Compare==0){
  31   3              T++;
  32   3            }
  33   2          }
  34   1          if(Counter < Compare)
  35   1          { 
  36   2            LED = 0;
  37   2          }
  38   1          else
  39   1          {
  40   2            LED = 1;
  41   2          }
  42   1      }


MODULE INFORMATION:   STATIC OVERLAYABLE
   CODE SIZE        =     74    ----
   CONSTANT SIZE    =   ----    ----
   XDATA SIZE       =   ----    ----
   PDATA SIZE       =   ----    ----
   DATA SIZE        =      3    ----
   IDATA SIZE       =   ----    ----
   BIT SIZE         =   ----    ----
END OF MODULE INFORMATION.


C51 COMPILATION COMPLETE.  0 WARNING(S),  0 ERROR(S)
